I'm sorry, but errors were detected in your script. Please correct the
errors listed below, and try again.


File "game/script.rpy", line 134: expected statement.
    z_name = "Zeke"
           ^

Ren'Py Version: Ren'Py 8.1.1.23060707
Sat Jul 15 15:03:08 2023
